AutoRAG agentdir removal verification
Generated: 2026-06-24T08:23:57Z
CWD: /Users/jeffrey/Projects-dev/AutoRAG-2.0

COMMAND 1: npm test -- --run test/retrieval/posix.test.ts test/extension/extension.test.ts test/mirror/sync.test.ts

> @autorag/librarian@0.1.0 test
> vitest run --run test/retrieval/posix.test.ts test/extension/extension.test.ts test/mirror/sync.test.ts


 RUN  v3.2.4 /Users/jeffrey/Projects-dev/AutoRAG-2.0

 ✓ test/mirror/sync.test.ts (6 tests) 28ms
 ✓ test/extension/extension.test.ts (4 tests) 10ms
 ✓ test/retrieval/posix.test.ts (5 tests) 15ms

 Test Files  3 passed (3)
      Tests  15 passed (15)
   Start at  17:23:57
   Duration  400ms (transform 107ms, setup 0ms, collect 344ms, tests 53ms, environment 1ms, prepare 87ms)


EXIT_CODE_1=0

COMMAND 2: npm test -- --run test/integration/minsync-flow.test.ts test/minsync/minsync.test.ts

> @autorag/librarian@0.1.0 test
> vitest run --run test/integration/minsync-flow.test.ts test/minsync/minsync.test.ts


 RUN  v3.2.4 /Users/jeffrey/Projects-dev/AutoRAG-2.0

 ✓ test/integration/minsync-flow.test.ts (1 test) 821ms
   ✓ AutoRAGAgent MinSync integration > includes MinSync vector results in retrieve() and exposes only virtual paths  820ms
 ✓ test/minsync/minsync.test.ts (8 tests) 1831ms
   ✓ MinSyncVectorMethod > syncs parsed mirror files through minsync sync when a mirror index exists  493ms
   ✓ MinSyncVectorMethod > returns vector results resolved from parsed mirror paths back to virtual paths  599ms
   ✓ MinSyncVectorMethod > maps real MinSync relative file paths back to virtual paths  364ms
   ✓ MinSyncVectorMethod > returns empty vector results when minsync query emits malformed JSON  363ms

 Test Files  2 passed (2)
      Tests  9 passed (9)
   Start at  17:23:58
   Duration  2.12s (transform 85ms, setup 0ms, collect 234ms, tests 2.65s, environment 0ms, prepare 79ms)


EXIT_CODE_2=0

COMMAND 3: npm run typecheck

> @autorag/librarian@0.1.0 typecheck
> tsc --noEmit


EXIT_CODE_3=0

COMMAND 4: active scoped agentdir reference audit

RG_EXIT_CODE=1 (1 means no matches)

COMMAND 5: git status --short
 M AGENTS.md
 M README.md
 M package-lock.json
 M package.json
 M src/agent/agent.ts
 M src/agent/system-prompt.ts
 D src/agentdir/assert-no-source-path.ts
 D src/agentdir/grep-core.ts
 D src/agentdir/tools.ts
 D src/agentdir/workspace.ts
 M src/extension.ts
 M src/index.ts
 M src/mirror/sync.ts
 D src/organizer/agents.ts
 D src/organizer/agents/organizer.md
 D src/organizer/index.ts
 D src/organizer/organize-tool.ts
 M src/retrieval/methods/posix.ts
 M test/agent/parser-mirror.test.ts
 D test/agentdir/change-tracking.test.ts
 D test/agentdir/tools.test.ts
 D test/agentdir/workspace.test.ts
 M test/extension/extension.test.ts
 D test/integration/agentdir-reachability.test.ts
 M test/integration/minsync-flow.test.ts
 M test/mirror/sync.test.ts
 D test/organizer/organizer.test.ts
 M test/retrieval/posix.test.ts
?? .omo/

JUDGMENT
PASS: targeted tests, MinSync tests, typecheck, and active-scope agentdir reference audit all satisfy the task criteria.
